42228
asdfghjkl 0
candy 6
dynamicprogramming 0
email 50
quack 0
stromae 0
www 0
zxcvb 0
