132064
apple 0
dynamicprogramming 0
ermergerd 132
internet 0
rhode 0
rotten 0
stang 0
sucks 0
thisisaname 0
yokoono 32
