105072
APPL 16
candy 0
internet 0
reddit 0
stang 0
stromae 136
thisisaname 0
yokoono 0
zxcvb 0
