57607
apple 0
fertig 0
gala 0
laptop 0
morris 53
mountain 0
reddit 23
stang 0
yokoono 23
