52249
applecomputer 1
asdfghjkl 41
ccc 0
cigarette 15
comsci 0
dp 0
ermergerd 0
partimejob 0
sucks 0
www 0
