131330
email 0
ermergerd 22
jemand 1
knapsack 0
partimejob 0
rhode 0
rotten 0
www 143
