224748
candy 0
cigarette 227
dynamicprogramming 0
goldendelicious 0
jemand 22
laptop 0
leo 0
mountain 0
partimejob 0
rhode 0
