165379
applecomputer 0
dp 0
fuji 0
green 0
icecream 0
morris 0
mountain 21
thisisaname 191
