45690
APPL 0
internet 0
mountain 0
quack 0
reddelicious 37
reddit 1
stang 47
stromae 0
sucky 0
